
> Configure project :
Fabric Loom: 1.15.4

> Task :compileJava UP-TO-DATE
> Task :processResources UP-TO-DATE
> Task :classes UP-TO-DATE

> Task :compileClientJava FAILED
C:\Users\frand\Documents\bomboaddons-1.21.10\src\client\java\me\bombo\bomboaddons\skyblocker\ApiAuthentication.java:9: error: cannot find symbol
import me.bombo.bomboaddons.SkyblockerMod;
                           ^
  symbol:   class SkyblockerMod
  location: package me.bombo.bomboaddons
C:\Users\frand\Documents\bomboaddons-1.21.10\src\client\java\me\bombo\bomboaddons\skyblocker\ApiAuthentication.java:10: error: package me.bombo.bomboaddons.annotations does not exist
import me.bombo.bomboaddons.annotations.Init;
                                       ^
C:\Users\frand\Documents\bomboaddons-1.21.10\src\client\java\me\bombo\bomboaddons\skyblocker\ApiAuthentication.java:11: error: package me.bombo.bomboaddons.debug does not exist
import me.bombo.bomboaddons.debug.Debug;
                                 ^
C:\Users\frand\Documents\bomboaddons-1.21.10\src\client\java\me\bombo\bomboaddons\skyblocker\ApiAuthentication.java:12: error: package me.bombo.bomboaddons.mixins.accessors does not exist
import me.bombo.bomboaddons.mixins.accessors.MinecraftAccessor;
                                            ^
C:\Users\frand\Documents\bomboaddons-1.21.10\src\client\java\me\bombo\bomboaddons\skyblocker\ApiAuthentication.java:13: error: package me.bombo.bomboaddons.skyblocker.render does not exist
import me.bombo.bomboaddons.skyblocker.render.RenderHelper;
                                             ^
C:\Users\frand\Documents\bomboaddons-1.21.10\src\client\java\me\bombo\bomboaddons\skyblocker\ApiAuthentication.java:14: error: package me.bombo.bomboaddons.skyblocker.scheduler does not exist
import me.bombo.bomboaddons.skyblocker.scheduler.Scheduler;
                                                ^
C:\Users\frand\Documents\bomboaddons-1.21.10\src\client\java\me\bombo\bomboaddons\skyblocker\ApiAuthentication.java:24: error: package org.jspecify.annotations does not exist
import org.jspecify.annotations.Nullable;
                               ^
C:\Users\frand\Documents\bomboaddons-1.21.10\src\client\java\me\bombo\bomboaddons\skyblocker\message\EggWaypointMessage.java:7: error: package me.bombo.bomboaddons.skyblocker.render does not exist
import me.bombo.bomboaddons.skyblocker.render.RenderHelper;
                                             ^
C:\Users\frand\Documents\bomboaddons-1.21.10\src\client\java\me\bombo\bomboaddons\skyblocker\message\Message.java:5: error: cannot find symbol
public sealed interface Message<T extends Message<T>> permits CrystalsWaypointMessage, CrystalsWaypointSubscribeMessage, DungeonMimicKilledMessage, DungeonPrinceKilledMessage, DungeonRoomHideWaypointMessage, DungeonRoomMatchMessage, DungeonRoomSecretCountMessage, EggWaypointMessage {
                                                              ^
  symbol: class CrystalsWaypointMessage
C:\Users\frand\Documents\bomboaddons-1.21.10\src\client\java\me\bombo\bomboaddons\skyblocker\message\Message.java:5: error: cannot find symbol
public sealed interface Message<T extends Message<T>> permits CrystalsWaypointMessage, CrystalsWaypointSubscribeMessage, DungeonMimicKilledMessage, DungeonPrinceKilledMessage, DungeonRoomHideWaypointMessage, DungeonRoomMatchMessage, DungeonRoomSecretCountMessage, EggWaypointMessage {
                                                                                       ^
  symbol: class CrystalsWaypointSubscribeMessage
C:\Users\frand\Documents\bomboaddons-1.21.10\src\client\java\me\bombo\bomboaddons\skyblocker\message\Message.java:5: error: cannot find symbol
public sealed interface Message<T extends Message<T>> permits CrystalsWaypointMessage, CrystalsWaypointSubscribeMessage, DungeonMimicKilledMessage, DungeonPrinceKilledMessage, DungeonRoomHideWaypointMessage, DungeonRoomMatchMessage, DungeonRoomSecretCountMessage, EggWaypointMessage {
                                                                                                                         ^
  symbol: class DungeonMimicKilledMessage
C:\Users\frand\Documents\bomboaddons-1.21.10\src\client\java\me\bombo\bomboaddons\skyblocker\message\Message.java:5: error: cannot find symbol
public sealed interface Message<T extends Message<T>> permits CrystalsWaypointMessage, CrystalsWaypointSubscribeMessage, DungeonMimicKilledMessage, DungeonPrinceKilledMessage, DungeonRoomHideWaypointMessage, DungeonRoomMatchMessage, DungeonRoomSecretCountMessage, EggWaypointMessage {
                                                                                                                                                    ^
  symbol: class DungeonPrinceKilledMessage
C:\Users\frand\Documents\bomboaddons-1.21.10\src\client\java\me\bombo\bomboaddons\skyblocker\message\Message.java:5: error: cannot find symbol
public sealed interface Message<T extends Message<T>> permits CrystalsWaypointMessage, CrystalsWaypointSubscribeMessage, DungeonMimicKilledMessage, DungeonPrinceKilledMessage, DungeonRoomHideWaypointMessage, DungeonRoomMatchMessage, DungeonRoomSecretCountMessage, EggWaypointMessage {
                                                                                                                                                                                ^
  symbol: class DungeonRoomHideWaypointMessage
C:\Users\frand\Documents\bomboaddons-1.21.10\src\client\java\me\bombo\bomboaddons\skyblocker\message\Message.java:5: error: cannot find symbol
public sealed interface Message<T extends Message<T>> permits CrystalsWaypointMessage, CrystalsWaypointSubscribeMessage, DungeonMimicKilledMessage, DungeonPrinceKilledMessage, DungeonRoomHideWaypointMessage, DungeonRoomMatchMessage, DungeonRoomSecretCountMessage, EggWaypointMessage {
                                                                                                                                                                                                                ^
  symbol: class DungeonRoomMatchMessage
C:\Users\frand\Documents\bomboaddons-1.21.10\src\client\java\me\bombo\bomboaddons\skyblocker\message\Message.java:5: error: cannot find symbol
public sealed interface Message<T extends Message<T>> permits CrystalsWaypointMessage, CrystalsWaypointSubscribeMessage, DungeonMimicKilledMessage, DungeonPrinceKilledMessage, DungeonRoomHideWaypointMessage, DungeonRoomMatchMessage, DungeonRoomSecretCountMessage, EggWaypointMessage {
                                                                                                                                                                                                                                         ^
  symbol: class DungeonRoomSecretCountMessage
C:\Users\frand\Documents\bomboaddons-1.21.10\src\client\java\me\bombo\bomboaddons\skyblocker\SkyblockerWebSocket.java:4: error: package me.bombo.bomboaddons.annotations does not exist
import me.bombo.bomboaddons.annotations.Init;
                                       ^
C:\Users\frand\Documents\bomboaddons-1.21.10\src\client\java\me\bombo\bomboaddons\skyblocker\SkyblockerWebSocket.java:5: error: package me.bombo.bomboaddons.debug does not exist
import me.bombo.bomboaddons.debug.Debug;
                                 ^
C:\Users\frand\Documents\bomboaddons-1.21.10\src\client\java\me\bombo\bomboaddons\skyblocker\SkyblockerWebSocket.java:6: error: package me.bombo.bomboaddons.events does not exist
import me.bombo.bomboaddons.events.SkyblockEvents;
                                  ^
C:\Users\frand\Documents\bomboaddons-1.21.10\src\client\java\me\bombo\bomboaddons\skyblocker\SkyblockerWebSocket.java:8: error: cannot find symbol
import me.bombo.bomboaddons.skyblocker.Http;
                                      ^
  symbol:   class Http
  location: package me.bombo.bomboaddons.skyblocker
C:\Users\frand\Documents\bomboaddons-1.21.10\src\client\java\me\bombo\bomboaddons\skyblocker\WsMessageHandler.java:10: error: cannot find symbol
import me.bombo.bomboaddons.SkyblockerMod;
                           ^
  symbol:   class SkyblockerMod
  location: package me.bombo.bomboaddons
C:\Users\frand\Documents\bomboaddons-1.21.10\src\client\java\me\bombo\bomboaddons\skyblocker\WsMessageHandler.java:11: error: package me.bombo.bomboaddons.skyblock.dungeon.secrets does not exist
import me.bombo.bomboaddons.skyblock.dungeon.secrets.DungeonWebSocket;
                                                    ^
C:\Users\frand\Documents\bomboaddons-1.21.10\src\client\java\me\bombo\bomboaddons\skyblocker\WsMessageHandler.java:12: error: cannot find symbol
import me.bombo.bomboaddons.skyblocker.Utils;
                                      ^
  symbol:   class Utils
  location: package me.bombo.bomboaddons.skyblocker
C:\Users\frand\Documents\bomboaddons-1.21.10\src\client\java\me\bombo\bomboaddons\skyblocker\WsMessageHandler.java:13: error: cannot find symbol
import me.bombo.bomboaddons.skyblocker.message.CrystalsWaypointMessage;
                                              ^
  symbol:   class CrystalsWaypointMessage
  location: package me.bombo.bomboaddons.skyblocker.message
C:\Users\frand\Documents\bomboaddons-1.21.10\src\client\java\me\bombo\bomboaddons\skyblocker\ApiAuthentication.java:50: error: cannot find symbol
	private static @Nullable TokenInfo tokenInfo = null;
	                ^
  symbol:   class Nullable
  location: class ApiAuthentication
C:\Users\frand\Documents\bomboaddons-1.21.10\src\client\java\me\bombo\bomboaddons\skyblocker\ApiAuthentication.java:53: error: cannot find symbol
	@Init
	 ^
  symbol:   class Init
  location: class ApiAuthentication
C:\Users\frand\Documents\bomboaddons-1.21.10\src\client\java\me\bombo\bomboaddons\skyblocker\ApiAuthentication.java:161: error: cannot find symbol
	public static @Nullable String getToken() {
	               ^
  symbol:   class Nullable
  location: class ApiAuthentication
C:\Users\frand\Documents\bomboaddons-1.21.10\src\client\java\me\bombo\bomboaddons\skyblocker\SkyblockerWebSocket.java:41: error: cannot find symbol
	@Init
	 ^
  symbol:   class Init
  location: class SkyblockerWebSocket
C:\Users\frand\Documents\bomboaddons-1.21.10\src\client\java\me\bombo\bomboaddons\skyblocker\ApiAuthentication.java:57: error: cannot find symbol
		if (Debug.debugEnabled()) {
		    ^
  symbol:   variable Debug
  location: class ApiAuthentication
C:\Users\frand\Documents\bomboaddons-1.21.10\src\client\java\me\bombo\bomboaddons\skyblocker\ApiAuthentication.java:59: error: cannot find symbol
					dispatcher.register(literal(SkyblockerMod.NAMESPACE).then(literal("updateToken").executes(context -> {
					                            ^
  symbol:   variable SkyblockerMod
  location: class ApiAuthentication
C:\Users\frand\Documents\bomboaddons-1.21.10\src\client\java\me\bombo\bomboaddons\skyblocker\ApiAuthentication.java:77: error: cannot find symbol
		ProfileKeyPairManager profileKeys = ((MinecraftAccessor) CLIENT).getProfileKeyPairManager();
		                                      ^
  symbol:   class MinecraftAccessor
  location: class ApiAuthentication
C:\Users\frand\Documents\bomboaddons-1.21.10\src\client\java\me\bombo\bomboaddons\skyblocker\ApiAuthentication.java:92: error: cannot find symbol
				TokenRequest tokenRequest = new TokenRequest(keyPairInfo, signedData, SkyblockerMod.SKYBLOCKER_MOD.getMetadata().getId(), MINECRAFT_VERSION, SkyblockerMod.VERSION);
				                                                                                                                                             ^
  symbol:   variable SkyblockerMod
  location: class ApiAuthentication
C:\Users\frand\Documents\bomboaddons-1.21.10\src\client\java\me\bombo\bomboaddons\skyblocker\ApiAuthentication.java:92: error: package SkyblockerMod does not exist
				TokenRequest tokenRequest = new TokenRequest(keyPairInfo, signedData, SkyblockerMod.SKYBLOCKER_MOD.getMetadata().getId(), MINECRAFT_VERSION, SkyblockerMod.VERSION);
				                                                                                   ^
C:\Users\frand\Documents\bomboaddons-1.21.10\src\client\java\me\bombo\bomboaddons\skyblocker\ApiAuthentication.java:94: error: package SkyblockerMod does not exist
				String request = SkyblockerMod.GSON.toJson(TokenRequest.CODEC.encodeStart(JsonOps.INSTANCE, tokenRequest).getOrThrow());
				                              ^
C:\Users\frand\Documents\bomboaddons-1.21.10\src\client\java\me\bombo\bomboaddons\skyblocker\ApiAuthentication.java:97: error: cannot find symbol
					tokenInfo = TokenInfo.CODEC.parse(JsonOps.INSTANCE, JsonParser.parseString(Http.sendPostRequest(AUTH_URL, request, CONTENT_TYPE))).getOrThrow();
					                                                                           ^
  symbol:   variable Http
  location: class ApiAuthentication
C:\Users\frand\Documents\bomboaddons-1.21.10\src\client\java\me\bombo\bomboaddons\skyblocker\ApiAuthentication.java:99: error: cannot find symbol
					RenderHelper.runOnRenderThread(() -> {
					^
  symbol:   variable RenderHelper
  location: class ApiAuthentication
C:\Users\frand\Documents\bomboaddons-1.21.10\src\client\java\me\bombo\bomboaddons\skyblocker\ApiAuthentication.java:103: error: package Scheduler does not exist
						Scheduler.INSTANCE.schedule(ApiAuthentication::updateToken, refreshAtTicks, true);
						         ^
C:\Users\frand\Documents\bomboaddons-1.21.10\src\client\java\me\bombo\bomboaddons\skyblocker\ApiAuthentication.java:150: error: cannot find symbol
		RenderHelper.runOnRenderThread(() -> {
		^
  symbol:   variable RenderHelper
  location: class ApiAuthentication
C:\Users\frand\Documents\bomboaddons-1.21.10\src\client\java\me\bombo\bomboaddons\skyblocker\ApiAuthentication.java:152: error: package Scheduler does not exist
			if (retryAfter != -1) Scheduler.INSTANCE.schedule(ApiAuthentication::updateToken, retryAfter, true);
			                               ^
C:\Users\frand\Documents\bomboaddons-1.21.10\src\client\java\me\bombo\bomboaddons\skyblocker\ApiAuthentication.java:155: error: package Constants does not exist
				CLIENT.player.displayClientMessage(Constants.PREFIX.get().append(warningMessage), false);
				                                            ^
C:\Users\frand\Documents\bomboaddons-1.21.10\src\client\java\me\bombo\bomboaddons\skyblocker\message\EggWaypointMessage.java:15: error: cannot find symbol
			EggFinder.EggType.CODEC.fieldOf("eggType").forGetter(EggWaypointMessage::eggType),
			                 ^
  symbol:   variable CODEC
  location: class EggType
C:\Users\frand\Documents\bomboaddons-1.21.10\src\client\java\me\bombo\bomboaddons\skyblocker\message\EggWaypointMessage.java:27: error: cannot find symbol
				RenderHelper.runOnRenderThread(() -> EggFinder.onWebsocketMessage(waypoint));
				^
  symbol:   variable RenderHelper
  location: class EggWaypointMessage
C:\Users\frand\Documents\bomboaddons-1.21.10\src\client\java\me\bombo\bomboaddons\skyblocker\message\EggWaypointMessage.java:27: error: cannot find symbol
				RenderHelper.runOnRenderThread(() -> EggFinder.onWebsocketMessage(waypoint));
				                                              ^
  symbol:   method onWebsocketMessage(EggWaypointMessage)
  location: class EggFinder
C:\Users\frand\Documents\bomboaddons-1.21.10\src\client\java\me\bombo\bomboaddons\skyblocker\message\EggWaypointMessage.java:34: error: cannot find symbol
				RenderHelper.runOnRenderThread(() -> waypoints.forEach(EggFinder::onWebsocketMessage));
				^
  symbol:   variable RenderHelper
  location: class EggWaypointMessage
C:\Users\frand\Documents\bomboaddons-1.21.10\src\client\java\me\bombo\bomboaddons\skyblocker\message\EggWaypointMessage.java:34: error: invalid method reference
				RenderHelper.runOnRenderThread(() -> waypoints.forEach(EggFinder::onWebsocketMessage));
				                                                       ^
  cannot find symbol
    symbol:   method onWebsocketMessage(T)
    location: class EggFinder
  where T is a type-variable:
    T extends Object declared in interface Iterable
C:\Users\frand\Documents\bomboaddons-1.21.10\src\client\java\me\bombo\bomboaddons\skyblocker\SkyblockerWebSocket.java:43: error: package SkyblockEvents does not exist
		SkyblockEvents.JOIN.register(() -> {
		              ^
C:\Users\frand\Documents\bomboaddons-1.21.10\src\client\java\me\bombo\bomboaddons\skyblocker\SkyblockerWebSocket.java:53: error: cannot find symbol
						.header("User-Agent", Http.USER_AGENT)
						                      ^
  symbol:   variable Http
  location: class SkyblockerWebSocket
C:\Users\frand\Documents\bomboaddons-1.21.10\src\client\java\me\bombo\bomboaddons\skyblocker\SkyblockerWebSocket.java:79: error: cannot find symbol
				if (Debug.debugEnabled() && Debug.webSocketDebug()) LOGGER.info("[Skyblocker WebSocket] Sending Message: {}", message);
				    ^
  symbol:   variable Debug
  location: class SkyblockerWebSocket
C:\Users\frand\Documents\bomboaddons-1.21.10\src\client\java\me\bombo\bomboaddons\skyblocker\SkyblockerWebSocket.java:79: error: cannot find symbol
				if (Debug.debugEnabled() && Debug.webSocketDebug()) LOGGER.info("[Skyblocker WebSocket] Sending Message: {}", message);
				                            ^
  symbol:   variable Debug
  location: class SkyblockerWebSocket
C:\Users\frand\Documents\bomboaddons-1.21.10\src\client\java\me\bombo\bomboaddons\skyblocker\SkyblockerWebSocket.java:115: error: cannot find symbol
			if (Debug.debugEnabled() && Debug.webSocketDebug()) LOGGER.info("[Skyblocker WebSocket] Received ping");
			    ^
  symbol:   variable Debug
  location: class SocketListener
C:\Users\frand\Documents\bomboaddons-1.21.10\src\client\java\me\bombo\bomboaddons\skyblocker\SkyblockerWebSocket.java:115: error: cannot find symbol
			if (Debug.debugEnabled() && Debug.webSocketDebug()) LOGGER.info("[Skyblocker WebSocket] Received ping");
			                            ^
  symbol:   variable Debug
  location: class SocketListener
C:\Users\frand\Documents\bomboaddons-1.21.10\src\client\java\me\bombo\bomboaddons\skyblocker\SkyblockerWebSocket.java:135: error: cannot find symbol
			if (Debug.debugEnabled() && Debug.webSocketDebug()) LOGGER.info("[Skyblocker WebSocket] Received Message: {}", message);
			    ^
  symbol:   variable Debug
  location: class SocketListener
C:\Users\frand\Documents\bomboaddons-1.21.10\src\client\java\me\bombo\bomboaddons\skyblocker\SkyblockerWebSocket.java:135: error: cannot find symbol
			if (Debug.debugEnabled() && Debug.webSocketDebug()) LOGGER.info("[Skyblocker WebSocket] Received Message: {}", message);
			                            ^
  symbol:   variable Debug
  location: class SocketListener
C:\Users\frand\Documents\bomboaddons-1.21.10\src\client\java\me\bombo\bomboaddons\skyblocker\WsMessageHandler.java:27: error: cannot find symbol
		send(Type.PUBLISH, service, Utils.getLocation().toString(), Optional.of(encodeMessage(message)));
		                            ^
  symbol:   variable Utils
  location: class WsMessageHandler
C:\Users\frand\Documents\bomboaddons-1.21.10\src\client\java\me\bombo\bomboaddons\skyblocker\WsMessageHandler.java:34: error: cannot find symbol
		send(Type.PUBLISH, service, Utils.getServer(), Optional.of(encodeMessage(message)));
		                            ^
  symbol:   variable Utils
  location: class WsMessageHandler
C:\Users\frand\Documents\bomboaddons-1.21.10\src\client\java\me\bombo\bomboaddons\skyblocker\WsMessageHandler.java:49: error: package SkyblockerMod does not exist
			SkyblockerWebSocket.send(SkyblockerMod.GSON_COMPACT.toJson(encoded));
			                                      ^
C:\Users\frand\Documents\bomboaddons-1.21.10\src\client\java\me\bombo\bomboaddons\skyblocker\WsMessageHandler.java:78: error: cannot find symbol
					case Service.CRYSTAL_WAYPOINTS -> CrystalsWaypointMessage.handle(payload.type(), payload.message());
					                                  ^
  symbol:   variable CrystalsWaypointMessage
  location: class WsMessageHandler
C:\Users\frand\Documents\bomboaddons-1.21.10\src\client\java\me\bombo\bomboaddons\skyblocker\WsMessageHandler.java:79: error: cannot find symbol
					case Service.DUNGEON_SECRETS -> DungeonWebSocket.handleMessage(payload.type(), payload.message());
					                                ^
  symbol:   variable DungeonWebSocket
  location: class WsMessageHandler
57 errors

[Incubating] Problems report is available at: file:///C:/Users/frand/Documents/bomboaddons-1.21.10/build/reports/problems/problems-report.html

FAILURE: Build failed with an exception.

* What went wrong:
Execution failed for task ':compileClientJava'.
> Compilation failed; see the compiler output below.
  C:\Users\frand\Documents\bomboaddons-1.21.10\src\client\java\me\bombo\bomboaddons\skyblocker\message\EggWaypointMessage.java:34: error: invalid method reference
  				RenderHelper.runOnRenderThread(() -> waypoints.forEach(EggFinder::onWebsocketMessage));
  				                                                       ^
    cannot find symbol
      symbol:   method onWebsocketMessage(T)
      location: class EggFinder
    where T is a type-variable:
      T extends Object declared in interface Iterable
  C:\Users\frand\Documents\bomboaddons-1.21.10\src\client\java\me\bombo\bomboaddons\skyblocker\ApiAuthentication.java:9: error: cannot find symbol
  import me.bombo.bomboaddons.SkyblockerMod;
                             ^
    symbol:   class SkyblockerMod
    location: package me.bombo.bomboaddons
  C:\Users\frand\Documents\bomboaddons-1.21.10\src\client\java\me\bombo\bomboaddons\skyblocker\SkyblockerWebSocket.java:8: error: cannot find symbol
  import me.bombo.bomboaddons.skyblocker.Http;
                                        ^
    symbol:   class Http
    location: package me.bombo.bomboaddons.skyblocker
  C:\Users\frand\Documents\bomboaddons-1.21.10\src\client\java\me\bombo\bomboaddons\skyblocker\WsMessageHandler.java:10: error: cannot find symbol
  import me.bombo.bomboaddons.SkyblockerMod;
                             ^
    symbol:   class SkyblockerMod
    location: package me.bombo.bomboaddons
  C:\Users\frand\Documents\bomboaddons-1.21.10\src\client\java\me\bombo\bomboaddons\skyblocker\WsMessageHandler.java:12: error: cannot find symbol
  import me.bombo.bomboaddons.skyblocker.Utils;
                                        ^
    symbol:   class Utils
    location: package me.bombo.bomboaddons.skyblocker
  C:\Users\frand\Documents\bomboaddons-1.21.10\src\client\java\me\bombo\bomboaddons\skyblocker\WsMessageHandler.java:13: error: cannot find symbol
  import me.bombo.bomboaddons.skyblocker.message.CrystalsWaypointMessage;
                                                ^
    symbol:   class CrystalsWaypointMessage
    location: package me.bombo.bomboaddons.skyblocker.message
  C:\Users\frand\Documents\bomboaddons-1.21.10\src\client\java\me\bombo\bomboaddons\skyblocker\ApiAuthentication.java:50: error: cannot find symbol
  	private static @Nullable TokenInfo tokenInfo = null;
  	                ^
    symbol:   class Nullable
    location: class ApiAuthentication
  C:\Users\frand\Documents\bomboaddons-1.21.10\src\client\java\me\bombo\bomboaddons\skyblocker\ApiAuthentication.java:53: error: cannot find symbol
  	@Init
  	 ^
    symbol:   class Init
    location: class ApiAuthentication
  C:\Users\frand\Documents\bomboaddons-1.21.10\src\client\java\me\bombo\bomboaddons\skyblocker\ApiAuthentication.java:161: error: cannot find symbol
  	public static @Nullable String getToken() {
  	               ^
    symbol:   class Nullable
    location: class ApiAuthentication
  C:\Users\frand\Documents\bomboaddons-1.21.10\src\client\java\me\bombo\bomboaddons\skyblocker\SkyblockerWebSocket.java:41: error: cannot find symbol
  	@Init
  	 ^
    symbol:   class Init
    location: class SkyblockerWebSocket
  C:\Users\frand\Documents\bomboaddons-1.21.10\src\client\java\me\bombo\bomboaddons\skyblocker\ApiAuthentication.java:57: error: cannot find symbol
  		if (Debug.debugEnabled()) {
  		    ^
    symbol:   variable Debug
    location: class ApiAuthentication
  C:\Users\frand\Documents\bomboaddons-1.21.10\src\client\java\me\bombo\bomboaddons\skyblocker\ApiAuthentication.java:59: error: cannot find symbol
  					dispatcher.register(literal(SkyblockerMod.NAMESPACE).then(literal("updateToken").executes(context -> {
  					                            ^
    symbol:   variable SkyblockerMod
    location: class ApiAuthentication
  C:\Users\frand\Documents\bomboaddons-1.21.10\src\client\java\me\bombo\bomboaddons\skyblocker\ApiAuthentication.java:77: error: cannot find symbol
  		ProfileKeyPairManager profileKeys = ((MinecraftAccessor) CLIENT).getProfileKeyPairManager();
  		                                      ^
    symbol:   class MinecraftAccessor
    location: class ApiAuthentication
  C:\Users\frand\Documents\bomboaddons-1.21.10\src\client\java\me\bombo\bomboaddons\skyblocker\ApiAuthentication.java:92: error: cannot find symbol
  				TokenRequest tokenRequest = new TokenRequest(keyPairInfo, signedData, SkyblockerMod.SKYBLOCKER_MOD.getMetadata().getId(), MINECRAFT_VERSION, SkyblockerMod.VERSION);
  				                                                                                                                                             ^
    symbol:   variable SkyblockerMod
    location: class ApiAuthentication
  C:\Users\frand\Documents\bomboaddons-1.21.10\src\client\java\me\bombo\bomboaddons\skyblocker\ApiAuthentication.java:97: error: cannot find symbol
  					tokenInfo = TokenInfo.CODEC.parse(JsonOps.INSTANCE, JsonParser.parseString(Http.sendPostRequest(AUTH_URL, request, CONTENT_TYPE))).getOrThrow();
  					                                                                           ^
    symbol:   variable Http
    location: class ApiAuthentication
  C:\Users\frand\Documents\bomboaddons-1.21.10\src\client\java\me\bombo\bomboaddons\skyblocker\ApiAuthentication.java:99: error: cannot find symbol
  					RenderHelper.runOnRenderThread(() -> {
  					^
    symbol:   variable RenderHelper
    location: class ApiAuthentication
  C:\Users\frand\Documents\bomboaddons-1.21.10\src\client\java\me\bombo\bomboaddons\skyblocker\ApiAuthentication.java:150: error: cannot find symbol
  		RenderHelper.runOnRenderThread(() -> {
  		^
    symbol:   variable RenderHelper
    location: class ApiAuthentication
  C:\Users\frand\Documents\bomboaddons-1.21.10\src\client\java\me\bombo\bomboaddons\skyblocker\message\EggWaypointMessage.java:15: error: cannot find symbol
  			EggFinder.EggType.CODEC.fieldOf("eggType").forGetter(EggWaypointMessage::eggType),
  			                 ^
    symbol:   variable CODEC
    location: class EggType
  C:\Users\frand\Documents\bomboaddons-1.21.10\src\client\java\me\bombo\bomboaddons\skyblocker\message\EggWaypointMessage.java:27: error: cannot find symbol
  				RenderHelper.runOnRenderThread(() -> EggFinder.onWebsocketMessage(waypoint));
  				^
    symbol:   variable RenderHelper
    location: class EggWaypointMessage
  C:\Users\frand\Documents\bomboaddons-1.21.10\src\client\java\me\bombo\bomboaddons\skyblocker\message\EggWaypointMessage.java:34: error: cannot find symbol
  				RenderHelper.runOnRenderThread(() -> waypoints.forEach(EggFinder::onWebsocketMessage));
  				^
    symbol:   variable RenderHelper
    location: class EggWaypointMessage
  C:\Users\frand\Documents\bomboaddons-1.21.10\src\client\java\me\bombo\bomboaddons\skyblocker\SkyblockerWebSocket.java:53: error: cannot find symbol
  						.header("User-Agent", Http.USER_AGENT)
  						                      ^
    symbol:   variable Http
    location: class SkyblockerWebSocket
  C:\Users\frand\Documents\bomboaddons-1.21.10\src\client\java\me\bombo\bomboaddons\skyblocker\SkyblockerWebSocket.java:79: error: cannot find symbol
  				if (Debug.debugEnabled() && Debug.webSocketDebug()) LOGGER.info("[Skyblocker WebSocket] Sending Message: {}", message);
  				    ^
    symbol:   variable Debug
    location: class SkyblockerWebSocket
  C:\Users\frand\Documents\bomboaddons-1.21.10\src\client\java\me\bombo\bomboaddons\skyblocker\SkyblockerWebSocket.java:79: error: cannot find symbol
  				if (Debug.debugEnabled() && Debug.webSocketDebug()) LOGGER.info("[Skyblocker WebSocket] Sending Message: {}", message);
  				                            ^
    symbol:   variable Debug
    location: class SkyblockerWebSocket
  C:\Users\frand\Documents\bomboaddons-1.21.10\src\client\java\me\bombo\bomboaddons\skyblocker\SkyblockerWebSocket.java:115: error: cannot find symbol
  			if (Debug.debugEnabled() && Debug.webSocketDebug()) LOGGER.info("[Skyblocker WebSocket] Received ping");
  			    ^
    symbol:   variable Debug
    location: class SocketListener
  C:\Users\frand\Documents\bomboaddons-1.21.10\src\client\java\me\bombo\bomboaddons\skyblocker\SkyblockerWebSocket.java:115: error: cannot find symbol
  			if (Debug.debugEnabled() && Debug.webSocketDebug()) LOGGER.info("[Skyblocker WebSocket] Received ping");
  			                            ^
    symbol:   variable Debug
    location: class SocketListener
  C:\Users\frand\Documents\bomboaddons-1.21.10\src\client\java\me\bombo\bomboaddons\skyblocker\SkyblockerWebSocket.java:135: error: cannot find symbol
  			if (Debug.debugEnabled() && Debug.webSocketDebug()) LOGGER.info("[Skyblocker WebSocket] Received Message: {}", message);
  			    ^
    symbol:   variable Debug
    location: class SocketListener
  C:\Users\frand\Documents\bomboaddons-1.21.10\src\client\java\me\bombo\bomboaddons\skyblocker\SkyblockerWebSocket.java:135: error: cannot find symbol
  			if (Debug.debugEnabled() && Debug.webSocketDebug()) LOGGER.info("[Skyblocker WebSocket] Received Message: {}", message);
  			                            ^
    symbol:   variable Debug
    location: class SocketListener
  C:\Users\frand\Documents\bomboaddons-1.21.10\src\client\java\me\bombo\bomboaddons\skyblocker\WsMessageHandler.java:27: error: cannot find symbol
  		send(Type.PUBLISH, service, Utils.getLocation().toString(), Optional.of(encodeMessage(message)));
  		                            ^
    symbol:   variable Utils
    location: class WsMessageHandler
  C:\Users\frand\Documents\bomboaddons-1.21.10\src\client\java\me\bombo\bomboaddons\skyblocker\WsMessageHandler.java:34: error: cannot find symbol
  		send(Type.PUBLISH, service, Utils.getServer(), Optional.of(encodeMessage(message)));
  		                            ^
    symbol:   variable Utils
    location: class WsMessageHandler
  C:\Users\frand\Documents\bomboaddons-1.21.10\src\client\java\me\bombo\bomboaddons\skyblocker\WsMessageHandler.java:78: error: cannot find symbol
  					case Service.CRYSTAL_WAYPOINTS -> CrystalsWaypointMessage.handle(payload.type(), payload.message());
  					                                  ^
    symbol:   variable CrystalsWaypointMessage
    location: class WsMessageHandler
  C:\Users\frand\Documents\bomboaddons-1.21.10\src\client\java\me\bombo\bomboaddons\skyblocker\WsMessageHandler.java:79: error: cannot find symbol
  					case Service.DUNGEON_SECRETS -> DungeonWebSocket.handleMessage(payload.type(), payload.message());
  					                                ^
    symbol:   variable DungeonWebSocket
    location: class WsMessageHandler
  C:\Users\frand\Documents\bomboaddons-1.21.10\src\client\java\me\bombo\bomboaddons\skyblocker\message\Message.java:5: error: cannot find symbol
  public sealed interface Message<T extends Message<T>> permits CrystalsWaypointMessage, CrystalsWaypointSubscribeMessage, DungeonMimicKilledMessage, DungeonPrinceKilledMessage, DungeonRoomHideWaypointMessage, DungeonRoomMatchMessage, DungeonRoomSecretCountMessage, EggWaypointMessage {
                                                                ^
    symbol: class CrystalsWaypointMessage
  C:\Users\frand\Documents\bomboaddons-1.21.10\src\client\java\me\bombo\bomboaddons\skyblocker\message\Message.java:5: error: cannot find symbol
  public sealed interface Message<T extends Message<T>> permits CrystalsWaypointMessage, CrystalsWaypointSubscribeMessage, DungeonMimicKilledMessage, DungeonPrinceKilledMessage, DungeonRoomHideWaypointMessage, DungeonRoomMatchMessage, DungeonRoomSecretCountMessage, EggWaypointMessage {
                                                                                         ^
    symbol: class CrystalsWaypointSubscribeMessage
  C:\Users\frand\Documents\bomboaddons-1.21.10\src\client\java\me\bombo\bomboaddons\skyblocker\message\Message.java:5: error: cannot find symbol
  public sealed interface Message<T extends Message<T>> permits CrystalsWaypointMessage, CrystalsWaypointSubscribeMessage, DungeonMimicKilledMessage, DungeonPrinceKilledMessage, DungeonRoomHideWaypointMessage, DungeonRoomMatchMessage, DungeonRoomSecretCountMessage, EggWaypointMessage {
                                                                                                                           ^
    symbol: class DungeonMimicKilledMessage
  C:\Users\frand\Documents\bomboaddons-1.21.10\src\client\java\me\bombo\bomboaddons\skyblocker\message\Message.java:5: error: cannot find symbol
  public sealed interface Message<T extends Message<T>> permits CrystalsWaypointMessage, CrystalsWaypointSubscribeMessage, DungeonMimicKilledMessage, DungeonPrinceKilledMessage, DungeonRoomHideWaypointMessage, DungeonRoomMatchMessage, DungeonRoomSecretCountMessage, EggWaypointMessage {
                                                                                                                                                      ^
    symbol: class DungeonPrinceKilledMessage
  C:\Users\frand\Documents\bomboaddons-1.21.10\src\client\java\me\bombo\bomboaddons\skyblocker\message\Message.java:5: error: cannot find symbol
  public sealed interface Message<T extends Message<T>> permits CrystalsWaypointMessage, CrystalsWaypointSubscribeMessage, DungeonMimicKilledMessage, DungeonPrinceKilledMessage, DungeonRoomHideWaypointMessage, DungeonRoomMatchMessage, DungeonRoomSecretCountMessage, EggWaypointMessage {
                                                                                                                                                                                  ^
    symbol: class DungeonRoomHideWaypointMessage
  C:\Users\frand\Documents\bomboaddons-1.21.10\src\client\java\me\bombo\bomboaddons\skyblocker\message\Message.java:5: error: cannot find symbol
  public sealed interface Message<T extends Message<T>> permits CrystalsWaypointMessage, CrystalsWaypointSubscribeMessage, DungeonMimicKilledMessage, DungeonPrinceKilledMessage, DungeonRoomHideWaypointMessage, DungeonRoomMatchMessage, DungeonRoomSecretCountMessage, EggWaypointMessage {
                                                                                                                                                                                                                  ^
    symbol: class DungeonRoomMatchMessage
  C:\Users\frand\Documents\bomboaddons-1.21.10\src\client\java\me\bombo\bomboaddons\skyblocker\message\Message.java:5: error: cannot find symbol
  public sealed interface Message<T extends Message<T>> permits CrystalsWaypointMessage, CrystalsWaypointSubscribeMessage, DungeonMimicKilledMessage, DungeonPrinceKilledMessage, DungeonRoomHideWaypointMessage, DungeonRoomMatchMessage, DungeonRoomSecretCountMessage, EggWaypointMessage {
                                                                                                                                                                                                                                           ^
    symbol: class DungeonRoomSecretCountMessage
  C:\Users\frand\Documents\bomboaddons-1.21.10\src\client\java\me\bombo\bomboaddons\skyblocker\message\EggWaypointMessage.java:27: error: cannot find symbol
  				RenderHelper.runOnRenderThread(() -> EggFinder.onWebsocketMessage(waypoint));
  				                                              ^
    symbol:   method onWebsocketMessage(EggWaypointMessage)
    location: class EggFinder
  C:\Users\frand\Documents\bomboaddons-1.21.10\src\client\java\me\bombo\bomboaddons\skyblocker\ApiAuthentication.java:10: error: package me.bombo.bomboaddons.annotations does not exist
  import me.bombo.bomboaddons.annotations.Init;
                                         ^
  C:\Users\frand\Documents\bomboaddons-1.21.10\src\client\java\me\bombo\bomboaddons\skyblocker\ApiAuthentication.java:11: error: package me.bombo.bomboaddons.debug does not exist
  import me.bombo.bomboaddons.debug.Debug;
                                   ^
  C:\Users\frand\Documents\bomboaddons-1.21.10\src\client\java\me\bombo\bomboaddons\skyblocker\ApiAuthentication.java:12: error: package me.bombo.bomboaddons.mixins.accessors does not exist
  import me.bombo.bomboaddons.mixins.accessors.MinecraftAccessor;
                                              ^
  C:\Users\frand\Documents\bomboaddons-1.21.10\src\client\java\me\bombo\bomboaddons\skyblocker\ApiAuthentication.java:13: error: package me.bombo.bomboaddons.skyblocker.render does not exist
  import me.bombo.bomboaddons.skyblocker.render.RenderHelper;
                                               ^
  C:\Users\frand\Documents\bomboaddons-1.21.10\src\client\java\me\bombo\bomboaddons\skyblocker\ApiAuthentication.java:14: error: package me.bombo.bomboaddons.skyblocker.scheduler does not exist
  import me.bombo.bomboaddons.skyblocker.scheduler.Scheduler;
                                                  ^
  C:\Users\frand\Documents\bomboaddons-1.21.10\src\client\java\me\bombo\bomboaddons\skyblocker\ApiAuthentication.java:24: error: package org.jspecify.annotations does not exist
  import org.jspecify.annotations.Nullable;
                                 ^
  C:\Users\frand\Documents\bomboaddons-1.21.10\src\client\java\me\bombo\bomboaddons\skyblocker\message\EggWaypointMessage.java:7: error: package me.bombo.bomboaddons.skyblocker.render does not exist
  import me.bombo.bomboaddons.skyblocker.render.RenderHelper;
                                               ^
  C:\Users\frand\Documents\bomboaddons-1.21.10\src\client\java\me\bombo\bomboaddons\skyblocker\SkyblockerWebSocket.java:4: error: package me.bombo.bomboaddons.annotations does not exist
  import me.bombo.bomboaddons.annotations.Init;
                                         ^
  C:\Users\frand\Documents\bomboaddons-1.21.10\src\client\java\me\bombo\bomboaddons\skyblocker\SkyblockerWebSocket.java:5: error: package me.bombo.bomboaddons.debug does not exist
  import me.bombo.bomboaddons.debug.Debug;
                                   ^
  C:\Users\frand\Documents\bomboaddons-1.21.10\src\client\java\me\bombo\bomboaddons\skyblocker\SkyblockerWebSocket.java:6: error: package me.bombo.bomboaddons.events does not exist
  import me.bombo.bomboaddons.events.SkyblockEvents;
                                    ^
  C:\Users\frand\Documents\bomboaddons-1.21.10\src\client\java\me\bombo\bomboaddons\skyblocker\WsMessageHandler.java:11: error: package me.bombo.bomboaddons.skyblock.dungeon.secrets does not exist
  import me.bombo.bomboaddons.skyblock.dungeon.secrets.DungeonWebSocket;
                                                      ^
  C:\Users\frand\Documents\bomboaddons-1.21.10\src\client\java\me\bombo\bomboaddons\skyblocker\ApiAuthentication.java:92: error: package SkyblockerMod does not exist
  				TokenRequest tokenRequest = new TokenRequest(keyPairInfo, signedData, SkyblockerMod.SKYBLOCKER_MOD.getMetadata().getId(), MINECRAFT_VERSION, SkyblockerMod.VERSION);
  				                                                                                   ^
  C:\Users\frand\Documents\bomboaddons-1.21.10\src\client\java\me\bombo\bomboaddons\skyblocker\ApiAuthentication.java:94: error: package SkyblockerMod does not exist
  				String request = SkyblockerMod.GSON.toJson(TokenRequest.CODEC.encodeStart(JsonOps.INSTANCE, tokenRequest).getOrThrow());
  				                              ^
  C:\Users\frand\Documents\bomboaddons-1.21.10\src\client\java\me\bombo\bomboaddons\skyblocker\ApiAuthentication.java:103: error: package Scheduler does not exist
  						Scheduler.INSTANCE.schedule(ApiAuthentication::updateToken, refreshAtTicks, true);
  						         ^
  C:\Users\frand\Documents\bomboaddons-1.21.10\src\client\java\me\bombo\bomboaddons\skyblocker\ApiAuthentication.java:152: error: package Scheduler does not exist
  			if (retryAfter != -1) Scheduler.INSTANCE.schedule(ApiAuthentication::updateToken, retryAfter, true);
  			                               ^
  C:\Users\frand\Documents\bomboaddons-1.21.10\src\client\java\me\bombo\bomboaddons\skyblocker\ApiAuthentication.java:155: error: package Constants does not exist
  				CLIENT.player.displayClientMessage(Constants.PREFIX.get().append(warningMessage), false);
  				                                            ^
  C:\Users\frand\Documents\bomboaddons-1.21.10\src\client\java\me\bombo\bomboaddons\skyblocker\SkyblockerWebSocket.java:43: error: package SkyblockEvents does not exist
  		SkyblockEvents.JOIN.register(() -> {
  		              ^
  C:\Users\frand\Documents\bomboaddons-1.21.10\src\client\java\me\bombo\bomboaddons\skyblocker\WsMessageHandler.java:49: error: package SkyblockerMod does not exist
  			SkyblockerWebSocket.send(SkyblockerMod.GSON_COMPACT.toJson(encoded));
  			                                      ^
  57 errors

* Try:
> Check your code and dependencies to fix the compilation error(s)
> Run with --scan to get full insights from a Build Scan (powered by Develocity).

Deprecated Gradle features were used in this build, making it incompatible with Gradle 10.

You can use '--warning-mode all' to show the individual deprecation warnings and determine if they come from your own scripts or plugins.

For more on this, please refer to https://docs.gradle.org/9.3.0/userguide/command_line_interface.html#sec:command_line_warnings in the Gradle documentation.

BUILD FAILED in 2s
3 actionable tasks: 1 executed, 2 up-to-date
