
> Configure project :
Fabric Loom: 1.15.4

> Task :compileJava UP-TO-DATE
> Task :processResources UP-TO-DATE
> Task :classes UP-TO-DATE

> Task :compileClientJava FAILED
E:\Users\frand\Documents\bomboaddons-1.21.10\src\client\java\me\bombo\bomboaddons\BomboaddonsClient.java:7: error: package net.minecraft.text does not exist
import net.minecraft.text.Text;
                         ^
E:\Users\frand\Documents\bomboaddons-1.21.10\src\client\java\me\bombo\bomboaddons\HotbarSwapper.java:3: error: cannot find symbol
import net.minecraft.client.MinecraftClient;
                           ^
  symbol:   class MinecraftClient
  location: package net.minecraft.client
E:\Users\frand\Documents\bomboaddons-1.21.10\src\client\java\me\bombo\bomboaddons\HotbarSwapper.java:4: error: package net.minecraft.client.network does not exist
import net.minecraft.client.network.ClientPlayerEntity;
                                   ^
E:\Users\frand\Documents\bomboaddons-1.21.10\src\client\java\me\bombo\bomboaddons\HotbarSwapper.java:5: error: package net.minecraft.item does not exist
import net.minecraft.item.ItemStack;
                         ^
E:\Users\frand\Documents\bomboaddons-1.21.10\src\client\java\me\bombo\bomboaddons\HotbarSwapper.java:6: error: package net.minecraft.registry does not exist
import net.minecraft.registry.Registries;
                             ^
E:\Users\frand\Documents\bomboaddons-1.21.10\src\client\java\me\bombo\bomboaddons\HotbarSwapper.java:7: error: package net.minecraft.screen.slot does not exist
import net.minecraft.screen.slot.SlotActionType;
                                ^
E:\Users\frand\Documents\bomboaddons-1.21.10\src\client\java\me\bombo\bomboaddons\HotbarSwapper.java:8: error: package net.minecraft.text does not exist
import net.minecraft.text.Text;
                         ^
E:\Users\frand\Documents\bomboaddons-1.21.10\src\client\java\me\bombo\bomboaddons\HotbarSwapper.java:131: error: cannot find symbol
    private static boolean matches(ItemStack stack, HotbarConfig.SlotData targetData) {
                                   ^
  symbol:   class ItemStack
  location: class HotbarSwapper
E:\Users\frand\Documents\bomboaddons-1.21.10\src\client\java\me\bombo\bomboaddons\BomboaddonsClient.java:24: error: cannot find symbol
                        context.getSource().sendFeedback(Text.literal(PREFIX + "┬ºa┬ºlUsage:"));
                                                         ^
  symbol:   variable Text
  location: class BomboaddonsClient
E:\Users\frand\Documents\bomboaddons-1.21.10\src\client\java\me\bombo\bomboaddons\BomboaddonsClient.java:25: error: cannot find symbol
                        context.getSource().sendFeedback(Text.literal("┬º8* ┬ºa/bombohotbar list"));
                                                         ^
  symbol:   variable Text
  location: class BomboaddonsClient
E:\Users\frand\Documents\bomboaddons-1.21.10\src\client\java\me\bombo\bomboaddons\BomboaddonsClient.java:26: error: cannot find symbol
                        context.getSource().sendFeedback(Text.literal("┬º8* ┬ºa/bombohotbar save <id>"));
                                                         ^
  symbol:   variable Text
  location: class BomboaddonsClient
E:\Users\frand\Documents\bomboaddons-1.21.10\src\client\java\me\bombo\bomboaddons\BomboaddonsClient.java:27: error: cannot find symbol
                        context.getSource().sendFeedback(Text.literal("┬º8* ┬ºa/bombohotbar apply <id>"));
                                                         ^
  symbol:   variable Text
  location: class BomboaddonsClient
E:\Users\frand\Documents\bomboaddons-1.21.10\src\client\java\me\bombo\bomboaddons\BomboaddonsClient.java:28: error: cannot find symbol
                        context.getSource().sendFeedback(Text.literal("┬º8* ┬ºa/bombohotbar delete <id>"));
                                                         ^
  symbol:   variable Text
  location: class BomboaddonsClient
E:\Users\frand\Documents\bomboaddons-1.21.10\src\client\java\me\bombo\bomboaddons\BomboaddonsClient.java:36: error: cannot find symbol
                                    context.getSource().sendFeedback(Text.literal(PREFIX + "┬ºcNo hotbars saved."));
                                                                     ^
  symbol:   variable Text
  location: class BomboaddonsClient
E:\Users\frand\Documents\bomboaddons-1.21.10\src\client\java\me\bombo\bomboaddons\BomboaddonsClient.java:39: error: cannot find symbol
                                            Text.literal(PREFIX + "┬ºaSaved Hotbars: ┬ºf" + String.join(", ", ids)));
                                            ^
  symbol:   variable Text
  location: class BomboaddonsClient
E:\Users\frand\Documents\bomboaddons-1.21.10\src\client\java\me\bombo\bomboaddons\BomboaddonsClient.java:50: error: cannot find symbol
                                                    .sendFeedback(Text.literal(PREFIX
                                                                  ^
  symbol:   variable Text
  location: class BomboaddonsClient
E:\Users\frand\Documents\bomboaddons-1.21.10\src\client\java\me\bombo\bomboaddons\BomboaddonsClient.java:55: error: cannot find symbol
                                                    Text.literal(PREFIX + "┬ºcFailed to save snapshot ┬ºf" + id + "┬ºc."));
                                                    ^
  symbol:   variable Text
  location: class BomboaddonsClient
E:\Users\frand\Documents\bomboaddons-1.21.10\src\client\java\me\bombo\bomboaddons\BomboaddonsClient.java:74: error: cannot find symbol
                                                    .sendFeedback(Text.literal(PREFIX + "┬ºcSnapshot not found: ┬ºf" + id
                                                                  ^
  symbol:   variable Text
  location: class BomboaddonsClient
E:\Users\frand\Documents\bomboaddons-1.21.10\src\client\java\me\bombo\bomboaddons\BomboaddonsClient.java:79: error: cannot find symbol
                                                Text.literal(PREFIX + "┬ºaApplying snapshot ┬ºf" + id + "┬ºa..."));
                                                ^
  symbol:   variable Text
  location: class BomboaddonsClient
E:\Users\frand\Documents\bomboaddons-1.21.10\src\client\java\me\bombo\bomboaddons\BomboaddonsClient.java:98: error: cannot find symbol
                                                    .sendFeedback(Text.literal(PREFIX + "┬ºcDeleted snapshot ┬ºf" + id));
                                                                  ^
  symbol:   variable Text
  location: class BomboaddonsClient
E:\Users\frand\Documents\bomboaddons-1.21.10\src\client\java\me\bombo\bomboaddons\BomboaddonsClient.java:101: error: cannot find symbol
                                                    Text.literal(PREFIX + "┬ºcSnapshot not found: ┬ºf" + id));
                                                    ^
  symbol:   variable Text
  location: class BomboaddonsClient
E:\Users\frand\Documents\bomboaddons-1.21.10\src\client\java\me\bombo\bomboaddons\HotbarSwapper.java:15: error: cannot find symbol
        MinecraftClient client = MinecraftClient.getInstance();
        ^
  symbol:   class MinecraftClient
  location: class HotbarSwapper
E:\Users\frand\Documents\bomboaddons-1.21.10\src\client\java\me\bombo\bomboaddons\HotbarSwapper.java:15: error: cannot find symbol
        MinecraftClient client = MinecraftClient.getInstance();
                                 ^
  symbol:   variable MinecraftClient
  location: class HotbarSwapper
E:\Users\frand\Documents\bomboaddons-1.21.10\src\client\java\me\bombo\bomboaddons\HotbarSwapper.java:16: error: cannot find symbol
        ClientPlayerEntity player = client.player;
        ^
  symbol:   class ClientPlayerEntity
  location: class HotbarSwapper
E:\Users\frand\Documents\bomboaddons-1.21.10\src\client\java\me\bombo\bomboaddons\HotbarSwapper.java:23: error: cannot find symbol
            ItemStack stack = player.getInventory().getStack(i);
            ^
  symbol:   class ItemStack
  location: class HotbarSwapper
E:\Users\frand\Documents\bomboaddons-1.21.10\src\client\java\me\bombo\bomboaddons\HotbarSwapper.java:25: error: package Registries does not exist
                String itemId = Registries.ITEM.getId(stack.getItem()).toString();
                                          ^
E:\Users\frand\Documents\bomboaddons-1.21.10\src\client\java\me\bombo\bomboaddons\HotbarSwapper.java:26: error: package net.minecraft.component does not exist
                String customName = stack.contains(net.minecraft.component.DataComponentTypes.CUSTOM_NAME)
                                                                          ^
E:\Users\frand\Documents\bomboaddons-1.21.10\src\client\java\me\bombo\bomboaddons\HotbarSwapper.java:57: error: cannot find symbol
        MinecraftClient client = MinecraftClient.getInstance();
        ^
  symbol:   class MinecraftClient
  location: class HotbarSwapper
E:\Users\frand\Documents\bomboaddons-1.21.10\src\client\java\me\bombo\bomboaddons\HotbarSwapper.java:57: error: cannot find symbol
        MinecraftClient client = MinecraftClient.getInstance();
                                 ^
  symbol:   variable MinecraftClient
  location: class HotbarSwapper
E:\Users\frand\Documents\bomboaddons-1.21.10\src\client\java\me\bombo\bomboaddons\HotbarSwapper.java:58: error: cannot find symbol
        ClientPlayerEntity player = client.player;
        ^
  symbol:   class ClientPlayerEntity
  location: class HotbarSwapper
E:\Users\frand\Documents\bomboaddons-1.21.10\src\client\java\me\bombo\bomboaddons\HotbarSwapper.java:77: error: cannot find symbol
            ItemStack currentStack = player.getInventory().getStack(hotbarIndex);
            ^
  symbol:   class ItemStack
  location: class HotbarSwapper
E:\Users\frand\Documents\bomboaddons-1.21.10\src\client\java\me\bombo\bomboaddons\HotbarSwapper.java:100: error: cannot find symbol
                ItemStack checkStack = player.getInventory().getStack(invSlot);
                ^
  symbol:   class ItemStack
  location: class HotbarSwapper
E:\Users\frand\Documents\bomboaddons-1.21.10\src\client\java\me\bombo\bomboaddons\HotbarSwapper.java:118: error: cannot find symbol
                client.interactionManager.clickSlot(syncId, sourceScreenSlot, 0, SlotActionType.PICKUP, player);
                                                                                 ^
  symbol:   variable SlotActionType
  location: class HotbarSwapper
E:\Users\frand\Documents\bomboaddons-1.21.10\src\client\java\me\bombo\bomboaddons\HotbarSwapper.java:120: error: cannot find symbol
                client.interactionManager.clickSlot(syncId, targetScreenSlot, 0, SlotActionType.PICKUP, player);
                                                                                 ^
  symbol:   variable SlotActionType
  location: class HotbarSwapper
E:\Users\frand\Documents\bomboaddons-1.21.10\src\client\java\me\bombo\bomboaddons\HotbarSwapper.java:122: error: cannot find symbol
                client.interactionManager.clickSlot(syncId, sourceScreenSlot, 0, SlotActionType.PICKUP, player);
                                                                                 ^
  symbol:   variable SlotActionType
  location: class HotbarSwapper
E:\Users\frand\Documents\bomboaddons-1.21.10\src\client\java\me\bombo\bomboaddons\HotbarSwapper.java:125: error: cannot find symbol
                        Text.literal("┬ºcCould not find item for slot " + (hotbarIndex + 1) + ": " + targetData.itemId),
                        ^
  symbol:   variable Text
  location: class HotbarSwapper
E:\Users\frand\Documents\bomboaddons-1.21.10\src\client\java\me\bombo\bomboaddons\HotbarSwapper.java:135: error: package Registries does not exist
        String itemId = Registries.ITEM.getId(stack.getItem()).toString();
                                  ^
E:\Users\frand\Documents\bomboaddons-1.21.10\src\client\java\me\bombo\bomboaddons\HotbarSwapper.java:139: error: package net.minecraft.component does not exist
        String customName = stack.contains(net.minecraft.component.DataComponentTypes.CUSTOM_NAME)
                                                                  ^
38 errors

[Incubating] Problems report is available at: file:///E:/Users/frand/Documents/bomboaddons-1.21.10/build/reports/problems/problems-report.html

FAILURE: Build failed with an exception.

* What went wrong:
Execution failed for task ':compileClientJava'.
> Compilation failed; see the compiler output below.
  E:\Users\frand\Documents\bomboaddons-1.21.10\src\client\java\me\bombo\bomboaddons\HotbarSwapper.java:3: error: cannot find symbol
  import net.minecraft.client.MinecraftClient;
                             ^
    symbol:   class MinecraftClient
    location: package net.minecraft.client
  E:\Users\frand\Documents\bomboaddons-1.21.10\src\client\java\me\bombo\bomboaddons\HotbarSwapper.java:131: error: cannot find symbol
      private static boolean matches(ItemStack stack, HotbarConfig.SlotData targetData) {
                                     ^
    symbol:   class ItemStack
    location: class HotbarSwapper
  E:\Users\frand\Documents\bomboaddons-1.21.10\src\client\java\me\bombo\bomboaddons\BomboaddonsClient.java:24: error: cannot find symbol
                          context.getSource().sendFeedback(Text.literal(PREFIX + "┬ºa┬ºlUsage:"));
                                                           ^
    symbol:   variable Text
    location: class BomboaddonsClient
  E:\Users\frand\Documents\bomboaddons-1.21.10\src\client\java\me\bombo\bomboaddons\BomboaddonsClient.java:25: error: cannot find symbol
                          context.getSource().sendFeedback(Text.literal("┬º8* ┬ºa/bombohotbar list"));
                                                           ^
    symbol:   variable Text
    location: class BomboaddonsClient
  E:\Users\frand\Documents\bomboaddons-1.21.10\src\client\java\me\bombo\bomboaddons\BomboaddonsClient.java:26: error: cannot find symbol
                          context.getSource().sendFeedback(Text.literal("┬º8* ┬ºa/bombohotbar save <id>"));
                                                           ^
    symbol:   variable Text
    location: class BomboaddonsClient
  E:\Users\frand\Documents\bomboaddons-1.21.10\src\client\java\me\bombo\bomboaddons\BomboaddonsClient.java:27: error: cannot find symbol
                          context.getSource().sendFeedback(Text.literal("┬º8* ┬ºa/bombohotbar apply <id>"));
                                                           ^
    symbol:   variable Text
    location: class BomboaddonsClient
  E:\Users\frand\Documents\bomboaddons-1.21.10\src\client\java\me\bombo\bomboaddons\BomboaddonsClient.java:28: error: cannot find symbol
                          context.getSource().sendFeedback(Text.literal("┬º8* ┬ºa/bombohotbar delete <id>"));
                                                           ^
    symbol:   variable Text
    location: class BomboaddonsClient
  E:\Users\frand\Documents\bomboaddons-1.21.10\src\client\java\me\bombo\bomboaddons\BomboaddonsClient.java:36: error: cannot find symbol
                                      context.getSource().sendFeedback(Text.literal(PREFIX + "┬ºcNo hotbars saved."));
                                                                       ^
    symbol:   variable Text
    location: class BomboaddonsClient
  E:\Users\frand\Documents\bomboaddons-1.21.10\src\client\java\me\bombo\bomboaddons\BomboaddonsClient.java:39: error: cannot find symbol
                                              Text.literal(PREFIX + "┬ºaSaved Hotbars: ┬ºf" + String.join(", ", ids)));
                                              ^
    symbol:   variable Text
    location: class BomboaddonsClient
  E:\Users\frand\Documents\bomboaddons-1.21.10\src\client\java\me\bombo\bomboaddons\BomboaddonsClient.java:50: error: cannot find symbol
                                                      .sendFeedback(Text.literal(PREFIX
                                                                    ^
    symbol:   variable Text
    location: class BomboaddonsClient
  E:\Users\frand\Documents\bomboaddons-1.21.10\src\client\java\me\bombo\bomboaddons\BomboaddonsClient.java:55: error: cannot find symbol
                                                      Text.literal(PREFIX + "┬ºcFailed to save snapshot ┬ºf" + id + "┬ºc."));
                                                      ^
    symbol:   variable Text
    location: class BomboaddonsClient
  E:\Users\frand\Documents\bomboaddons-1.21.10\src\client\java\me\bombo\bomboaddons\BomboaddonsClient.java:74: error: cannot find symbol
                                                      .sendFeedback(Text.literal(PREFIX + "┬ºcSnapshot not found: ┬ºf" + id
                                                                    ^
    symbol:   variable Text
    location: class BomboaddonsClient
  E:\Users\frand\Documents\bomboaddons-1.21.10\src\client\java\me\bombo\bomboaddons\BomboaddonsClient.java:79: error: cannot find symbol
                                                  Text.literal(PREFIX + "┬ºaApplying snapshot ┬ºf" + id + "┬ºa..."));
                                                  ^
    symbol:   variable Text
    location: class BomboaddonsClient
  E:\Users\frand\Documents\bomboaddons-1.21.10\src\client\java\me\bombo\bomboaddons\BomboaddonsClient.java:98: error: cannot find symbol
                                                      .sendFeedback(Text.literal(PREFIX + "┬ºcDeleted snapshot ┬ºf" + id));
                                                                    ^
    symbol:   variable Text
    location: class BomboaddonsClient
  E:\Users\frand\Documents\bomboaddons-1.21.10\src\client\java\me\bombo\bomboaddons\BomboaddonsClient.java:101: error: cannot find symbol
                                                      Text.literal(PREFIX + "┬ºcSnapshot not found: ┬ºf" + id));
                                                      ^
    symbol:   variable Text
    location: class BomboaddonsClient
  E:\Users\frand\Documents\bomboaddons-1.21.10\src\client\java\me\bombo\bomboaddons\HotbarSwapper.java:15: error: cannot find symbol
          MinecraftClient client = MinecraftClient.getInstance();
          ^
    symbol:   class MinecraftClient
    location: class HotbarSwapper
  E:\Users\frand\Documents\bomboaddons-1.21.10\src\client\java\me\bombo\bomboaddons\HotbarSwapper.java:15: error: cannot find symbol
          MinecraftClient client = MinecraftClient.getInstance();
                                   ^
    symbol:   variable MinecraftClient
    location: class HotbarSwapper
  E:\Users\frand\Documents\bomboaddons-1.21.10\src\client\java\me\bombo\bomboaddons\HotbarSwapper.java:16: error: cannot find symbol
          ClientPlayerEntity player = client.player;
          ^
    symbol:   class ClientPlayerEntity
    location: class HotbarSwapper
  E:\Users\frand\Documents\bomboaddons-1.21.10\src\client\java\me\bombo\bomboaddons\HotbarSwapper.java:23: error: cannot find symbol
              ItemStack stack = player.getInventory().getStack(i);
              ^
    symbol:   class ItemStack
    location: class HotbarSwapper
  E:\Users\frand\Documents\bomboaddons-1.21.10\src\client\java\me\bombo\bomboaddons\HotbarSwapper.java:57: error: cannot find symbol
          MinecraftClient client = MinecraftClient.getInstance();
          ^
    symbol:   class MinecraftClient
    location: class HotbarSwapper
  E:\Users\frand\Documents\bomboaddons-1.21.10\src\client\java\me\bombo\bomboaddons\HotbarSwapper.java:57: error: cannot find symbol
          MinecraftClient client = MinecraftClient.getInstance();
                                   ^
    symbol:   variable MinecraftClient
    location: class HotbarSwapper
  E:\Users\frand\Documents\bomboaddons-1.21.10\src\client\java\me\bombo\bomboaddons\HotbarSwapper.java:58: error: cannot find symbol
          ClientPlayerEntity player = client.player;
          ^
    symbol:   class ClientPlayerEntity
    location: class HotbarSwapper
  E:\Users\frand\Documents\bomboaddons-1.21.10\src\client\java\me\bombo\bomboaddons\HotbarSwapper.java:77: error: cannot find symbol
              ItemStack currentStack = player.getInventory().getStack(hotbarIndex);
              ^
    symbol:   class ItemStack
    location: class HotbarSwapper
  E:\Users\frand\Documents\bomboaddons-1.21.10\src\client\java\me\bombo\bomboaddons\HotbarSwapper.java:100: error: cannot find symbol
                  ItemStack checkStack = player.getInventory().getStack(invSlot);
                  ^
    symbol:   class ItemStack
    location: class HotbarSwapper
  E:\Users\frand\Documents\bomboaddons-1.21.10\src\client\java\me\bombo\bomboaddons\HotbarSwapper.java:118: error: cannot find symbol
                  client.interactionManager.clickSlot(syncId, sourceScreenSlot, 0, SlotActionType.PICKUP, player);
                                                                                   ^
    symbol:   variable SlotActionType
    location: class HotbarSwapper
  E:\Users\frand\Documents\bomboaddons-1.21.10\src\client\java\me\bombo\bomboaddons\HotbarSwapper.java:120: error: cannot find symbol
                  client.interactionManager.clickSlot(syncId, targetScreenSlot, 0, SlotActionType.PICKUP, player);
                                                                                   ^
    symbol:   variable SlotActionType
    location: class HotbarSwapper
  E:\Users\frand\Documents\bomboaddons-1.21.10\src\client\java\me\bombo\bomboaddons\HotbarSwapper.java:122: error: cannot find symbol
                  client.interactionManager.clickSlot(syncId, sourceScreenSlot, 0, SlotActionType.PICKUP, player);
                                                                                   ^
    symbol:   variable SlotActionType
    location: class HotbarSwapper
  E:\Users\frand\Documents\bomboaddons-1.21.10\src\client\java\me\bombo\bomboaddons\HotbarSwapper.java:125: error: cannot find symbol
                          Text.literal("┬ºcCould not find item for slot " + (hotbarIndex + 1) + ": " + targetData.itemId),
                          ^
    symbol:   variable Text
    location: class HotbarSwapper
  E:\Users\frand\Documents\bomboaddons-1.21.10\src\client\java\me\bombo\bomboaddons\BomboaddonsClient.java:7: error: package net.minecraft.text does not exist
  import net.minecraft.text.Text;
                           ^
  E:\Users\frand\Documents\bomboaddons-1.21.10\src\client\java\me\bombo\bomboaddons\HotbarSwapper.java:4: error: package net.minecraft.client.network does not exist
  import net.minecraft.client.network.ClientPlayerEntity;
                                     ^
  E:\Users\frand\Documents\bomboaddons-1.21.10\src\client\java\me\bombo\bomboaddons\HotbarSwapper.java:5: error: package net.minecraft.item does not exist
  import net.minecraft.item.ItemStack;
                           ^
  E:\Users\frand\Documents\bomboaddons-1.21.10\src\client\java\me\bombo\bomboaddons\HotbarSwapper.java:6: error: package net.minecraft.registry does not exist
  import net.minecraft.registry.Registries;
                               ^
  E:\Users\frand\Documents\bomboaddons-1.21.10\src\client\java\me\bombo\bomboaddons\HotbarSwapper.java:7: error: package net.minecraft.screen.slot does not exist
  import net.minecraft.screen.slot.SlotActionType;
                                  ^
  E:\Users\frand\Documents\bomboaddons-1.21.10\src\client\java\me\bombo\bomboaddons\HotbarSwapper.java:8: error: package net.minecraft.text does not exist
  import net.minecraft.text.Text;
                           ^
  E:\Users\frand\Documents\bomboaddons-1.21.10\src\client\java\me\bombo\bomboaddons\HotbarSwapper.java:25: error: package Registries does not exist
                  String itemId = Registries.ITEM.getId(stack.getItem()).toString();
                                            ^
  E:\Users\frand\Documents\bomboaddons-1.21.10\src\client\java\me\bombo\bomboaddons\HotbarSwapper.java:26: error: package net.minecraft.component does not exist
                  String customName = stack.contains(net.minecraft.component.DataComponentTypes.CUSTOM_NAME)
                                                                            ^
  E:\Users\frand\Documents\bomboaddons-1.21.10\src\client\java\me\bombo\bomboaddons\HotbarSwapper.java:135: error: package Registries does not exist
          String itemId = Registries.ITEM.getId(stack.getItem()).toString();
                                    ^
  E:\Users\frand\Documents\bomboaddons-1.21.10\src\client\java\me\bombo\bomboaddons\HotbarSwapper.java:139: error: package net.minecraft.component does not exist
          String customName = stack.contains(net.minecraft.component.DataComponentTypes.CUSTOM_NAME)
                                                                    ^
  38 errors

* Try:
> Check your code and dependencies to fix the compilation error(s)
> Run with --scan to get full insights from a Build Scan (powered by Develocity).

Deprecated Gradle features were used in this build, making it incompatible with Gradle 10.

You can use '--warning-mode all' to show the individual deprecation warnings and determine if they come from your own scripts or plugins.

For more on this, please refer to https://docs.gradle.org/9.3.0/userguide/command_line_interface.html#sec:command_line_warnings in the Gradle documentation.

BUILD FAILED in 3s
3 actionable tasks: 1 executed, 2 up-to-date
